// Jest Snapshot v1, https://goo.gl/fbAQLP

exports[`DoubleChevronIcon [common] example testing should match snapshot(s) for Primary 1`] = `
<DoubleChevronIcon
  aspectRatio="xMidYMid meet"
  color="primary"
  isClickable={false}
  isDisabled={false}
  onClick={[Function]}
  onSelect={[Function]}
  size={16}
  viewBox="0 0 16 16"
/>
`;
