// Jest Snapshot v1, https://goo.gl/fbAQLP

exports[`ImageIcon [common] example testing should match snapshot(s) for 1.default 1`] = `
<Icon
  aspectRatio="xMidYMid meet"
  className="lucid-ImageIcon"
  color="primary"
  isClickable={false}
  isDisabled={false}
  onClick={[Function]}
  onSelect={[Function]}
  size={16}
  viewBox="0 0 16 16"
>
  <path
    d="M.5.5h15v15H.5z"
  />
  <circle
    cx="10"
    cy="5"
    r="2"
  />
  <path
    d="M.5 11.5l4.5-4 4.5 4 3-2 3 2"
  />
</Icon>
`;
