// Jest Snapshot v1, https://goo.gl/fbAQLP

exports[`FolderIcon [common] example testing should match snapshot(s) for 1.default 1`] = `
<Icon
  aspectRatio="xMidYMid meet"
  className="lucid-FolderIcon"
  color="primary"
  isClickable={false}
  isDisabled={false}
  onClick={[Function]}
  onSelect={[Function]}
  size={16}
  viewBox="0 0 16 16"
>
  <path
    d="M.5 4.5h15v10H.5zm0 0v-3h5l2 3"
  />
</Icon>
`;
