// Jest Snapshot v1, https://goo.gl/fbAQLP

exports[`BarChartIcon [common] example testing should match snapshot(s) for Primary 1`] = `
<svg
  class="lucid-Icon lucid-Icon-color-primary lucid-BarChartIcon"
  height="16"
  preserveAspectRatio="xMidYMid meet"
  viewBox="0 0 16 16"
  width="16"
>
  <path
    d="M.5 7.5h3v8h-3zM6.5.5h3v15h-3zM12.5 4.5h3v11h-3z"
  />
</svg>
`;
