// Jest Snapshot v1, https://goo.gl/fbAQLP

exports[`WarningLightIcon [common] example testing should match snapshot(s) for Basic 1`] = `
<svg
  class="lucid-Icon lucid-Icon-color-primary lucid-WarningLightIcon"
  height="16"
  preserveAspectRatio="xMidYMid meet"
  viewBox="0 0 16 16"
  width="16"
>
  <path
    class="lucid-WarningLightIcon-background"
    d="M.5 15h15L8 .5z"
  />
  <path
    class="lucid-WarningLightIcon-mark"
    d="M7.99 5v4"
  />
  <circle
    class="lucid-WarningLightIcon-mark"
    cx="7.99"
    cy="12"
    r=".293"
  />
</svg>
`;
