// Jest Snapshot v1, https://goo.gl/fbAQLP

exports[`NewWindowIcon [common] example testing should match snapshot(s) for 1.default 1`] = `
<Icon
  aspectRatio="xMidYMid meet"
  className="lucid-NewWindowIcon"
  color="primary"
  isClickable={false}
  isDisabled={false}
  onClick={[Function]}
  onSelect={[Function]}
  size={16}
  viewBox="0 0 16 16"
>
  <path
    d="M9.5.5h6v6m-10-6h-5v15h15v-5"
  />
  <path
    d="M15.5.5L7 9"
  />
</Icon>
`;
