// Jest Snapshot v1, https://goo.gl/fbAQLP

exports[`CalculatorIcon [common] example testing should match snapshot(s) for 1.default 1`] = `
<Icon
  aspectRatio="xMidYMid meet"
  className="lucid-CalculatorIcon"
  color="primary"
  isClickable={false}
  isDisabled={false}
  onClick={[Function]}
  onSelect={[Function]}
  size={16}
  viewBox="0 0 16 16"
>
  <path
    d="M1.5.5h13v15h-13zM1.5 5.5h13"
  />
  <path
    d="M4 8h1M7.5 8h1M11 8h1M4 10.5h1M7.5 10.5h1M11 10.5h1V13h-1zM4 13h1M7.5 13h1"
  />
</Icon>
`;
