// Jest Snapshot v1, https://goo.gl/fbAQLP

exports[`ViewIcon [common] example testing should match snapshot(s) for Primary 1`] = `
<svg
  class="lucid-Icon lucid-Icon-color-primary lucid-ViewIcon"
  height="16"
  preserveAspectRatio="xMidYMid meet"
  viewBox="0 0 16 16"
  width="16"
>
  <path
    d="M15.5 8s-3-4.5-7.5-4.5S.5 8 .5 8 4 12.5 8 12.5 15.5 8 15.5 8z"
  />
  <circle
    cx="8"
    cy="8"
    r="1.25"
  />
</svg>
`;
