// Jest Snapshot v1, https://goo.gl/fbAQLP

exports[`SplitVertical [common] example testing should match snapshot(s) for 1.default-split 1`] = `
<div
  className="lucid-SplitVertical lucid-SplitVertical-is-expanded"
  style={
    Object {
      "overflow": "hidden",
    }
  }
>
  <Motion
    defaultStyle={
      Object {
        "slideAmount": 0,
      }
    }
    style={
      Object {
        "slideAmount": 0,
      }
    }
  >
    <Component />
  </Motion>
</div>
`;

exports[`SplitVertical [common] example testing should match snapshot(s) for 2.animated-collapse 1`] = `
<div
  className="lucid-SplitVertical lucid-SplitVertical-is-expanded"
  style={
    Object {
      "overflow": "hidden",
    }
  }
>
  <Motion
    defaultStyle={
      Object {
        "slideAmount": 0,
      }
    }
    style={
      Object {
        "slideAmount": 0,
      }
    }
  >
    <Component />
  </Motion>
</div>
`;

exports[`SplitVertical [common] example testing should match snapshot(s) for 3.set-pane-as-primary 1`] = `
<div
  className="lucid-SplitVertical lucid-SplitVertical-is-expanded"
  style={
    Object {
      "overflow": "hidden",
    }
  }
>
  <Motion
    defaultStyle={
      Object {
        "slideAmount": 0,
      }
    }
    style={
      Object {
        "slideAmount": 0,
      }
    }
  >
    <Component />
  </Motion>
</div>
`;

exports[`SplitVertical [common] example testing should match snapshot(s) for 4.set-width-of-pane 1`] = `
<div
  className="lucid-SplitVertical lucid-SplitVertical-is-expanded"
  style={
    Object {
      "overflow": "hidden",
    }
  }
>
  <Motion
    defaultStyle={
      Object {
        "slideAmount": 0,
      }
    }
    style={
      Object {
        "slideAmount": 0,
      }
    }
  >
    <Component />
  </Motion>
</div>
`;

exports[`SplitVertical [common] example testing should match snapshot(s) for 5.customize-divider 1`] = `
<div
  className="lucid-SplitVertical lucid-SplitVertical-is-expanded"
  style={
    Object {
      "overflow": "hidden",
    }
  }
>
  <Motion
    defaultStyle={
      Object {
        "slideAmount": 0,
      }
    }
    style={
      Object {
        "slideAmount": 0,
      }
    }
  >
    <Component />
  </Motion>
</div>
`;

exports[`SplitVertical [common] example testing should match snapshot(s) for 6.no-animation 1`] = `
<div
  className="lucid-SplitVertical lucid-SplitVertical-is-expanded"
  style={
    Object {
      "overflow": "hidden",
    }
  }
>
  <Motion
    defaultStyle={
      Object {
        "slideAmount": 0,
      }
    }
    style={
      Object {
        "slideAmount": 0,
      }
    }
  >
    <Component />
  </Motion>
</div>
`;

exports[`SplitVertical [common] example testing should match snapshot(s) for 7.collapse-shift 1`] = `
<div
  className="lucid-SplitVertical lucid-SplitVertical-is-expanded"
  style={
    Object {
      "overflow": "hidden",
    }
  }
>
  <Motion
    defaultStyle={
      Object {
        "slideAmount": 0,
      }
    }
    style={
      Object {
        "slideAmount": 0,
      }
    }
  >
    <Component />
  </Motion>
</div>
`;

exports[`SplitVertical [common] example testing should match snapshot(s) for 8.handle-resize 1`] = `
<div
  className="lucid-SplitVertical lucid-SplitVertical-is-expanded"
  style={
    Object {
      "overflow": "hidden",
    }
  }
>
  <Motion
    defaultStyle={
      Object {
        "slideAmount": 0,
      }
    }
    style={
      Object {
        "slideAmount": 0,
      }
    }
  >
    <Component />
  </Motion>
</div>
`;

exports[`SplitVertical [common] example testing should match snapshot(s) for 9.no-resize 1`] = `
<div
  className="lucid-SplitVertical lucid-SplitVertical-is-expanded"
  style={
    Object {
      "overflow": "hidden",
    }
  }
>
  <Motion
    defaultStyle={
      Object {
        "slideAmount": 0,
      }
    }
    style={
      Object {
        "slideAmount": 0,
      }
    }
  >
    <Component />
  </Motion>
</div>
`;

exports[`SplitVertical render should render expanded & collapsed 1`] = `
<SplitVertical
  collapseShift={0}
  isAnimated={false}
  isExpanded={true}
  isResizeable={true}
  onResize={[Function]}
  onResizing={[Function]}
>
  <div
    className="lucid-SplitVertical lucid-SplitVertical-is-expanded"
    style={
      Object {
        "overflow": "hidden",
      }
    }
  >
    <Motion
      defaultStyle={
        Object {
          "slideAmount": 0,
        }
      }
      style={
        Object {
          "slideAmount": 0,
        }
      }
    >
      <div
        className="lucid-SplitVertical-inner"
        style={
          Object {
            "display": "flex",
            "transform": "translateX(0px)",
          }
        }
      >
        <div
          className="lucid-SplitVertical-LeftPane lucid-SplitVertical-is-secondary"
          style={
            Object {
              "flexBasis": "calc(50% - 3px)",
              "flexGrow": 0,
              "flexShrink": 0,
              "marginLeft": undefined,
              "overflow": "auto",
            }
          }
        />
        <DragCaptureZone
          className="lucid-SplitVertical-Divider lucid-SplitVertical-Divider-is-resizeable"
          onDrag={[Function]}
          onDragCancel={[Function]}
          onDragEnd={[Function]}
          onDragStart={[Function]}
          style={
            Object {
              "boxSizing": "border-box",
              "width": "6px",
            }
          }
        >
          <div
            className="lucid-DragCaptureZone lucid-SplitVertical-Divider lucid-SplitVertical-Divider-is-resizeable"
            key="DragCaptureZone"
            onMouseDown={[Function]}
            onTouchStart={[Function]}
            style={
              Object {
                "boxSizing": "border-box",
                "width": "6px",
              }
            }
          >
             
          </div>
        </DragCaptureZone>
        <div
          className="lucid-SplitVertical-RightPane"
          style={
            Object {
              "flexBasis": "0%",
              "flexGrow": 1,
              "flexShrink": 1,
              "marginRight": -0,
              "overflow": "auto",
            }
          }
        />
      </div>
    </Motion>
  </div>
</SplitVertical>
`;

exports[`SplitVertical render should render expanded & collapsed 2`] = `
<div
  class="lucid-SplitVertical"
  style="overflow: hidden;"
>
  <div
    class="lucid-SplitVertical-inner"
    style="display: flex; transform: translateX(0px);"
  >
    <div
      class="lucid-SplitVertical-LeftPane lucid-SplitVertical-is-secondary"
      style="flex-grow: 0; flex-shrink: 0; flex-basis: calc(50% - 3px); overflow: auto;"
    />
    <div
      class="lucid-DragCaptureZone lucid-SplitVertical-Divider lucid-SplitVertical-Divider-is-resizeable"
      style="width: 6px; box-sizing: border-box;"
    >
       
    </div>
    <div
      class="lucid-SplitVertical-RightPane"
      style="flex-grow: 1; flex-shrink: 1; flex-basis: 0%; margin-right: 0px; overflow: auto;"
    />
  </div>
</div>
`;
